// Jest Snapshot v1, https://goo.gl/fbAQLP

exports[`QueryConverters Should match expectations for REST V2 1`] = `"baseUrl/test?c=mobile&f=Authors%7CBob%3BFileTypes%7Cdocx&t=Keywords"`;

exports[`QueryConverters Should match expectations for REST V2 2`] = `"baseUrl/test?c=mobile&f=Authors%7CBob%3BFileTypes%7Cdocx&t=Keywords"`;

exports[`QueryConverters Should match expectations for REST V2 3`] = `"baseUrl/test?c=mobile&f=Authors%7CBob%3BFileTypes%7Cdocx&g=true&o=Date&p=1&s=20&t=Keywords"`;

exports[`QueryConverters Should match expectations for REST V2 4`] = `"baseUrl/test?c=mobile&f=Authors%7CBob%3BFileTypes%7Cdocx&g=true&o=Date&p=1&s=20&t=Keywords"`;

exports[`QueryConverters Should match expectations for REST V3 1`] = `"baseUrl?c=mobile&df=2017-03-13T09%3A00%3A00.000Z&dt=2017-03-13T09%3A00%3A00.000Z&f=Authors%7CBob%3BFileTypes%7Cdocx&q=test&t=Keywords"`;

exports[`QueryConverters Should match expectations for REST V3 2`] = `"baseUrl?c=mobile&df=2017-03-13T09%3A00%3A00.000Z&dt=2017-03-13T09%3A00%3A00.000Z&f=Authors%7CBob%3BFileTypes%7Cdocx&q=test&t=Keywords"`;

exports[`QueryConverters Should match expectations for REST V3 3`] = `"baseUrl?c=mobile&df=2017-03-13T09%3A00%3A00.000Z&dt=2017-03-13T09%3A00%3A00.000Z&f=Authors%7CBob%3BFileTypes%7Cdocx&g=true&o=Date&p=1&q=test&s=20&t=Keywords"`;

exports[`QueryConverters Should match expectations for REST V3 4`] = `"baseUrl?c=mobile&df=2017-03-13T09%3A00%3A00.000Z&dt=2017-03-13T09%3A00%3A00.000Z&f=Authors%7CBob%3BFileTypes%7Cdocx&g=true&o=Date&p=1&q=test&s=20&t=Keywords"`;
